[    0.000000] Initializing cgroup subsys cpuset
[    0.000000] Initializing cgroup subsys cpu
[    0.000000] Initializing cgroup subsys cpuacct
[    0.000000] Linux version 4.4.0-169-generic (buildd@lgw01-amd64-038) (gcc version 5.4.0 20160609 (Ubuntu 5.4.0-6ubuntu1~16.04.12) ) #198-Ubuntu SMP Tue Nov 12 10:38:00 UTC 2019 (Ubuntu 4.4.0-169.198-generic 4.4.197)
[    0.000000] Command line: BOOT_IMAGE=/boot/vmlinuz-4.4.0-169-generic root=UUID=3dc7f99a-1e06-428f-86bf-f1f8932b4515 ro console=tty1 console=ttyS0
[    0.000000] KERNEL supported cpus:
[    0.000000]   Intel GenuineIntel
[    0.000000]   AMD AuthenticAMD
[    0.000000]   Centaur CentaurHauls
[    0.000000] x86/fpu: xstate_offset[2]:  576, xstate_sizes[2]:  256
[    0.000000] x86/fpu: Supporting XSAVE feature 0x01: 'x87 floating point registers'
[    0.000000] x86/fpu: Supporting XSAVE feature 0x02: 'SSE registers'
[    0.000000] x86/fpu: Supporting XSAVE feature 0x04: 'AVX registers'
[    0.000000] x86/fpu: Enabled xstate features 0x7, context size is 832 bytes, using 'standard' format.
[    0.000000] e820: BIOS-provided physical RAM map:
[    0.000000] BIOS-e820: [mem 0x0000000000000000-0x000000000009fbff] usable
[    0.000000] BIOS-e820: [mem 0x000000000009fc00-0x000000000009ffff] reserved
[    0.000000] BIOS-e820: [mem 0x00000000000f0000-0x00000000000fffff] reserved
[    0.000000] BIOS-e820: [mem 0x0000000000100000-0x000000001ffeffff] usable
[    0.000000] BIOS-e820: [mem 0x000000001fff0000-0x000000001fffffff] ACPI data
[    0.000000] BIOS-e820: [mem 0x00000000fec00000-0x00000000fec00fff] reserved
[    0.000000] BIOS-e820: [mem 0x00000000fee00000-0x00000000fee00fff] reserved
[    0.000000] BIOS-e820: [mem 0x00000000fffc0000-0x00000000ffffffff] reserved
[    0.000000] NX (Execute Disable) protection: active
[    0.000000] SMBIOS 2.5 present.
[    0.000000] Hypervisor detected: KVM
[    0.000000] e820: last_pfn = 0x1fff0 max_arch_pfn = 0x400000000
[    0.000000] MTRR: Disabled
[    0.000000] x86/PAT: MTRRs disabled, skipping PAT initialization too.
[    0.000000] CPU MTRRs all blank - virtualized system.
[    0.000000] x86/PAT: Configuration [0-7]: WB  WT  UC- UC  WB  WT  UC- UC  
[    0.000000] found SMP MP-table at [mem 0x0009fff0-0x0009ffff] mapped at [ffff88000009fff0]
[    0.000000] Scanning 1 areas for low memory corruption
[    0.000000] RAMDISK: [mem 0x1e80e000-0x1f713fff]
[    0.000000] ACPI: Early table checksum verification disabled
[    0.000000] ACPI: RSDP 0x00000000000E0000 000024 (v02 VBOX  )
[    0.000000] ACPI: XSDT 0x000000001FFF0030 00003C (v01 VBOX   VBOXXSDT 00000001 ASL  00000061)
[    0.000000] ACPI: FACP 0x000000001FFF00F0 0000F4 (v04 VBOX   VBOXFACP 00000001 ASL  00000061)
[    0.000000] ACPI: DSDT 0x000000001FFF0470 0022EA (v02 VBOX   VBOXBIOS 00000002 INTL 20100528)
[    0.000000] ACPI: FACS 0x000000001FFF0200 000040
[    0.000000] ACPI: FACS 0x000000001FFF0200 000040
[    0.000000] ACPI: APIC 0x000000001FFF0240 000054 (v02 VBOX   VBOXAPIC 00000001 ASL  00000061)
[    0.000000] ACPI: SSDT 0x000000001FFF02A0 0001CC (v01 VBOX   VBOXCPUT 00000002 INTL 20100528)
[    0.000000] No NUMA configuration found
[    0.000000] Faking a node at [mem 0x0000000000000000-0x000000001ffeffff]
[    0.000000] NODE_DATA(0) allocated [mem 0x1ffeb000-0x1ffeffff]
[    0.000000] kvm-clock: Using msrs 4b564d01 and 4b564d00
[    0.000000] kvm-clock: cpu 0, msr 0:1ffe3001, primary cpu clock
[    0.000000] kvm-clock: using sched offset of 4241863920 cycles
[    0.000000] clocksource: kvm-clock: mask: 0xffffffffffffffff max_cycles: 0x1cd42e4dffb, max_idle_ns: 881590591483 ns
[    0.000000] Zone ranges:
[    0.000000]   DMA      [mem 0x0000000000001000-0x0000000000ffffff]
[    0.000000]   DMA32    [mem 0x0000000001000000-0x000000001ffeffff]
[    0.000000]   Normal   empty
[    0.000000]   Device   empty
[    0.000000] Movable zone start for each node
[    0.000000] Early memory node ranges
[    0.000000]   node   0: [mem 0x0000000000001000-0x000000000009efff]
[    0.000000]   node   0: [mem 0x0000000000100000-0x000000001ffeffff]
[    0.000000] Initmem setup node 0 [mem 0x0000000000001000-0x000000001ffeffff]
[    0.000000] ACPI: PM-Timer IO Port: 0x4008
[    0.000000] IOAPIC[0]: apic_id 1, version 32, address 0xfec00000, GSI 0-23
[    0.000000] ACPI: INT_SRC_OVR (bus 0 bus_irq 0 global_irq 2 dfl dfl)
[    0.000000] ACPI: INT_SRC_OVR (bus 0 bus_irq 9 global_irq 9 low level)
[    0.000000] Using ACPI (MADT) for SMP configuration information
[    0.000000] smpboot: Allowing 1 CPUs, 0 hotplug CPUs
[    0.000000] PM: Registered nosave memory: [mem 0x00000000-0x00000fff]
[    0.000000] PM: Registered nosave memory: [mem 0x0009f000-0x0009ffff]
[    0.000000] PM: Registered nosave memory: [mem 0x000a0000-0x000effff]
[    0.000000] PM: Registered nosave memory: [mem 0x000f0000-0x000fffff]
[    0.000000] e820: [mem 0x20000000-0xfebfffff] available for PCI devices
[    0.000000] Booting paravirtualized kernel on KVM
[    0.000000] clocksource: refined-jiffies: mask: 0xffffffff max_cycles: 0xffffffff, max_idle_ns: 7645519600211568 ns
[    0.000000] setup_percpu: NR_CPUS:512 nr_cpumask_bits:512 nr_cpu_ids:1 nr_node_ids:1
[    0.000000] PERCPU: Embedded 33 pages/cpu @ffff88001fc00000 s95448 r8192 d31528 u2097152
[    0.000000] Built 1 zonelists in Node order, mobility grouping on.  Total pages: 128888
[    0.000000] Policy zone: DMA32
[    0.000000] Kernel command line: BOOT_IMAGE=/boot/vmlinuz-4.4.0-169-generic root=UUID=3dc7f99a-1e06-428f-86bf-f1f8932b4515 ro console=tty1 console=ttyS0
[    0.000000] PID hash table entries: 2048 (order: 2, 16384 bytes)
[    0.000000] Memory: 481224K/523832K available (8623K kernel code, 1336K rwdata, 4036K rodata, 1488K init, 1288K bss, 42608K reserved, 0K cma-reserved)
[    0.000000] SLUB: HWalign=64, Order=0-3, MinObjects=0, CPUs=1, Nodes=1
[    0.000000] Kernel/User page tables isolation: enabled
[    0.000000] Hierarchical RCU implementation.
[    0.000000] 	Build-time adjustment of leaf fanout to 64.
[    0.000000] 	RCU restricting CPUs from NR_CPUS=512 to nr_cpu_ids=1.
[    0.000000] RCU: Adjusting geometry for rcu_fanout_leaf=64, nr_cpu_ids=1
[    0.000000] NR_IRQS:33024 nr_irqs:256 16
[    0.000000] Console: colour VGA+ 80x25
[    0.000000] console [tty1] enabled
[    0.000000] console [ttyS0] enabled
[    0.000000] tsc: Detected 1512.002 MHz processor
[    0.284412] Calibrating delay loop (skipped) preset value.. 3024.00 BogoMIPS (lpj=6048008)
[    0.288624] pid_max: default: 32768 minimum: 301
[    0.291167] ACPI: Core revision 20150930
[    0.298690] ACPI: 2 ACPI AML tables successfully acquired and loaded
[    0.301337] Security Framework initialized
[    0.302912] Yama: becoming mindful.
[    0.304297] AppArmor: AppArmor initialized
[    0.306117] Dentry cache hash table entries: 65536 (order: 7, 524288 bytes)
[    0.308612] Inode-cache hash table entries: 32768 (order: 6, 262144 bytes)
[    0.311280] Mount-cache hash table entries: 1024 (order: 1, 8192 bytes)
[    0.313467] Mountpoint-cache hash table entries: 1024 (order: 1, 8192 bytes)
[    0.316055] Initializing cgroup subsys io
[    0.317650] Initializing cgroup subsys memory
[    0.319366] Initializing cgroup subsys devices
[    0.321429] Initializing cgroup subsys freezer
[    0.323469] Initializing cgroup subsys net_cls
[    0.325629] Initializing cgroup subsys perf_event
[    0.327929] Initializing cgroup subsys net_prio
[    0.330174] Initializing cgroup subsys hugetlb
[    0.332433] Initializing cgroup subsys pids
[    0.336205] mce: CPU supports 0 MCE banks
[    0.338585] process: using mwait in idle threads
[    0.341208] Last level iTLB entries: 4KB 64, 2MB 8, 4MB 8
[    0.343595] Last level dTLB entries: 4KB 64, 2MB 0, 4MB 0, 1GB 4
[    0.346640] Spectre V1 : Mitigation: usercopy/swapgs barriers and __user pointer sanitization
[    0.351500] Spectre V2 : Mitigation: Full generic retpoline
[    0.354091] Spectre V2 : Spectre v2 / SpectreRSB mitigation: Filling RSB on context switch
[    0.358995] Speculative Store Bypass: Vulnerable
[    0.361701] MDS: Mitigation: Clear CPU buffers
[    0.418510] Freeing SMP alternatives memory: 36K
[    0.432341] ftrace: allocating 32301 entries in 127 pages
[    0.558593] smpboot: APIC(0) Converting physical 0 to logical package 0
[    0.560914] smpboot: Max logical packages: 1
[    0.562970] x2apic enabled
[    0.564633] Switched APIC routing to physical x2apic.
[    0.569769] ..TIMER: vector=0x30 apic1=0 pin1=2 apic2=-1 pin2=-1
[    0.680462] smpboot: CPU0: Intel(R) Core(TM) m3-6Y30 CPU @ 0.90GHz (family: 0x6, model: 0x4e, stepping: 0x3)
[    0.686468] Performance Events: unsupported p6 CPU model 78 no PMU driver, software events only.
[    0.715135] KVM setup paravirtual spinlock
[    0.718892] x86: Booted up 1 node, 1 CPUs
[    0.721169] smpboot: Total of 1 processors activated (3024.00 BogoMIPS)
[    0.725427] devtmpfs: initialized
[    0.731328] evm: security.selinux
[    0.733489] evm: security.SMACK64
[    0.735886] evm: security.SMACK64EXEC
[    0.737983] evm: security.SMACK64TRANSMUTE
[    0.740622] evm: security.SMACK64MMAP
[    0.742801] evm: security.ima
[    0.744781] evm: security.capability
[    0.747195] clocksource: jiffies: mask: 0xffffffff max_cycles: 0xffffffff, max_idle_ns: 7645041785100000 ns
[    0.752170] futex hash table entries: 256 (order: 2, 16384 bytes)
[    0.755355] pinctrl core: initialized pinctrl subsystem
[    0.758821] RTC time: 21:15:11, date: 11/18/19
[    0.762167] NET: Registered protocol family 16
[    0.764906] cpuidle: using governor ladder
[    0.767572] cpuidle: using governor menu
[    0.770101] PCCT header not found.
[    0.771914] ACPI: bus type PCI registered
[    0.774202] acpiphp: ACPI Hot Plug PCI Controller Driver version: 0.5
[    0.777496] PCI: Using configuration type 1 for base access
[    0.787859] ACPI: Added _OSI(Module Device)
[    0.790021] ACPI: Added _OSI(Processor Device)
[    0.791851] ACPI: Added _OSI(3.0 _SCP Extensions)
[    0.793870] ACPI: Added _OSI(Processor Aggregator Device)
[    0.797156] ACPI: Executed 1 blocks of module-level executable AML code
[    0.803755] ACPI: Interpreter enabled
[    0.805501] ACPI: (supports S0 S5)
[    0.807287] ACPI: Using IOAPIC for interrupt routing
[    0.809732] PCI: Using host bridge windows from ACPI; if necessary, use "pci=nocrs" and report a bug
[    0.820211] ACPI: PCI Root Bridge [PCI0] (domain 0000 [bus 00-ff])
[    0.822762] acpi PNP0A03:00: _OSC: OS supports [ASPM ClockPM Segments MSI]
[    0.826602] acpi PNP0A03:00: _OSC: not requesting OS control; OS requires [ExtendedConfig ASPM ClockPM MSI]
[    0.830129] acpi PNP0A03:00: fail to add MMCONFIG information, can't access extended PCI configuration space under this bridge.
[    0.836262] PCI host bridge to bus 0000:00
[    0.838974] pci_bus 0000:00: root bus resource [io  0x0000-0x0cf7 window]
[    0.841303] pci_bus 0000:00: root bus resource [io  0x0d00-0xffff window]
[    0.843540] pci_bus 0000:00: root bus resource [mem 0x000a0000-0x000bffff window]
[    0.846384] pci_bus 0000:00: root bus resource [mem 0x20000000-0xfdffffff window]
[    0.849419] pci_bus 0000:00: root bus resource [bus 00-ff]
[    0.855289] pci 0000:00:01.1: legacy IDE quirk: reg 0x10: [io  0x01f0-0x01f7]
[    0.858492] pci 0000:00:01.1: legacy IDE quirk: reg 0x14: [io  0x03f6]
[    0.861375] pci 0000:00:01.1: legacy IDE quirk: reg 0x18: [io  0x0170-0x0177]
[    0.864067] pci 0000:00:01.1: legacy IDE quirk: reg 0x1c: [io  0x0376]
[    0.886878] pci 0000:00:07.0: quirk: [io  0x4000-0x403f] claimed by PIIX4 ACPI
[    0.909894] pci 0000:00:07.0: quirk: [io  0x4100-0x410f] claimed by PIIX4 SMB
[    0.919836] ACPI: PCI Interrupt Link [LNKA] (IRQs 5 9 10 *11)
[    0.923633] ACPI: PCI Interrupt Link [LNKB] (IRQs 5 9 *10 11)
[    0.926567] ACPI: PCI Interrupt Link [LNKC] (IRQs 5 *9 10 11)
[    0.929302] ACPI: PCI Interrupt Link [LNKD] (IRQs 5 9 10 *11)
[    0.932222] ACPI: Enabled 2 GPEs in block 00 to 07
[    0.934730] vgaarb: setting as boot device: PCI:0000:00:02.0
[    0.937078] vgaarb: device added: PCI:0000:00:02.0,decodes=io+mem,owns=io+mem,locks=none
[    0.940076] vgaarb: loaded
[    0.941280] vgaarb: bridge control possible 0000:00:02.0
[    0.943594] SCSI subsystem initialized
[    0.945236] ACPI: bus type USB registered
[    0.946765] usbcore: registered new interface driver usbfs
[    0.949235] usbcore: registered new interface driver hub
[    0.951135] usbcore: registered new device driver usb
[    0.953210] PCI: Using ACPI for IRQ routing
[    0.955756] NetLabel: Initializing
[    0.957852] NetLabel:  domain hash size = 128
[    0.959947] NetLabel:  protocols = UNLABELED CIPSOv4
[    0.962007] NetLabel:  unlabeled traffic allowed by default
[    0.964094] amd_nb: Cannot enumerate AMD northbridges
[    0.966027] clocksource: Switched to clocksource kvm-clock
[    0.983697] AppArmor: AppArmor Filesystem Enabled
[    0.985750] pnp: PnP ACPI init
[    0.989122] pnp: PnP ACPI: found 3 devices
[    0.998919] clocksource: acpi_pm: mask: 0xffffff max_cycles: 0xffffff, max_idle_ns: 2085701024 ns
[    1.002146] NET: Registered protocol family 2
[    1.004014] TCP established hash table entries: 4096 (order: 3, 32768 bytes)
[    1.006411] TCP bind hash table entries: 4096 (order: 4, 65536 bytes)
[    1.009432] TCP: Hash tables configured (established 4096 bind 4096)
[    1.011663] UDP hash table entries: 256 (order: 1, 8192 bytes)
[    1.013765] UDP-Lite hash table entries: 256 (order: 1, 8192 bytes)
[    1.016035] NET: Registered protocol family 1
[    1.017678] pci 0000:00:00.0: Limiting direct PCI/PCI transfers
[    1.019865] pci 0000:00:01.0: Activating ISA DMA hang workarounds
[    1.022546] Unpacking initramfs...
[    1.485569] Freeing initrd memory: 15384K
[    1.487491] clocksource: tsc: mask: 0xffffffffffffffff max_cycles: 0x15cb6c67adf, max_idle_ns: 440795208560 ns
[    1.491538] platform rtc_cmos: registered platform RTC device (no PNP device found)
[    1.495885] Scanning for low memory corruption every 60 seconds
[    1.499246] audit: initializing netlink subsys (disabled)
[    1.501479] audit: type=2000 audit(1574111717.379:1): initialized
[    1.504677] Initialise system trusted keyring
[    1.506943] HugeTLB registered 2 MB page size, pre-allocated 0 pages
[    1.512231] zbud: loaded
[    1.513894] VFS: Disk quotas dquot_6.6.0
[    1.515487] VFS: Dquot-cache hash table entries: 512 (order 0, 4096 bytes)
[    1.518273] squashfs: version 4.0 (2009/01/31) Phillip Lougher
[    1.520760] fuse init (API version 7.23)
[    1.523073] Key type big_key registered
[    1.524649] Allocating IMA MOK and blacklist keyrings.
[    1.526853] Key type asymmetric registered
[    1.528383] Asymmetric key parser 'x509' registered
[    1.530261] Block layer SCSI generic (bsg) driver version 0.4 loaded (major 249)
[    1.533779] io scheduler noop registered
[    1.535345] io scheduler deadline registered (default)
[    1.537497] io scheduler cfq registered
[    1.539606] pci_hotplug: PCI Hot Plug PCI Core version: 0.5
[    1.541553] pciehp: PCI Express Hot Plug Controller Driver version: 0.4
[    1.544104] ACPI: AC Adapter [AC] (on-line)
[    1.545795] input: Power Button as /devices/LNXSYSTM:00/LNXPWRBN:00/input/input0
[    1.549427] ACPI: Power Button [PWRF]
[    1.551513] input: Sleep Button as /devices/LNXSYSTM:00/LNXSLPBN:00/input/input1
[    1.554850] ACPI: Sleep Button [SLPF]
[    1.557832] ACPI: Battery Slot [BAT0] (battery present)
[    1.560843] GHES: HEST is not enabled!
[    1.563055] Serial: 8250/16550 driver, 32 ports, IRQ sharing enabled
[    1.587622] 00:02: ttyS0 at I/O 0x3f8 (irq = 4, base_baud = 115200) is a 16550A
[    1.592881] Linux agpgart interface v0.103
[    1.601615] loop: module loaded
[    1.603989] scsi host0: ata_piix
[    1.605362] scsi host1: ata_piix
[    1.606744] ata1: PATA max UDMA/33 cmd 0x1f0 ctl 0x3f6 bmdma 0xd000 irq 14
[    1.609150] ata2: PATA max UDMA/33 cmd 0x170 ctl 0x376 bmdma 0xd008 irq 15
[    1.612719] libphy: Fixed MDIO Bus: probed
[    1.614351] tun: Universal TUN/TAP device driver, 1.6
[    1.616166] tun: (C) 1999-2004 Max Krasnyansky <maxk@qualcomm.com>
[    1.618412] PPP generic driver version 2.4.2
[    1.620221] ehci_hcd: USB 2.0 'Enhanced' Host Controller (EHCI) Driver
[    1.622642] ehci-pci: EHCI PCI platform driver
[    1.624821] ehci-platform: EHCI generic platform driver
[    1.626716] ohci_hcd: USB 1.1 'Open' Host Controller (OHCI) Driver
[    1.628826] ohci-pci: OHCI PCI platform driver
[    1.630566] ohci-platform: OHCI generic platform driver
[    1.632894] uhci_hcd: USB Universal Host Controller Interface driver
[    1.635509] i8042: PNP: PS/2 Controller [PNP0303:PS2K,PNP0f03:PS2M] at 0x60,0x64 irq 1,12
[    1.639146] serio: i8042 KBD port at 0x60,0x64 irq 1
[    1.640958] serio: i8042 AUX port at 0x60,0x64 irq 12
[    1.643381] mousedev: PS/2 mouse device common for all mice
[    1.646932] input: AT Translated Set 2 keyboard as /devices/platform/i8042/serio0/input/input2
[    1.651693] rtc_cmos rtc_cmos: rtc core: registered rtc_cmos as rtc0
[    1.654491] rtc_cmos rtc_cmos: alarms up to one day, 114 bytes nvram
[    1.656862] i2c /dev entries driver
[    1.658718] device-mapper: uevent: version 1.0.3
[    1.660510] device-mapper: ioctl: 4.34.0-ioctl (2015-10-28) initialised: dm-devel@redhat.com
[    1.663733] ledtrig-cpu: registered to indicate activity on CPUs
[    1.666856] NET: Registered protocol family 10
[    1.669343] NET: Registered protocol family 17
[    1.671552] Key type dns_resolver registered
[    1.674075] registered taskstats version 1
[    1.676041] Loading compiled-in X.509 certificates
[    1.678667] Loaded X.509 cert 'Build time autogenerated kernel key: ef3203c14e3994470d47ef6a7e15c1ade40f8e1e'
[    1.682130] zswap: loaded using pool lzo/zbud
[    1.687592] Key type trusted registered
[    1.695420] Key type encrypted registered
[    1.697233] AppArmor: AppArmor sha1 policy hashing enabled
[    1.699241] ima: No TPM chip found, activating TPM-bypass!
[    1.701159] ima: Allocated hash algorithm: sha1
[    1.702909] evm: HMAC attrs: 0x1
[    1.705086]   Magic number: 11:332:298
[    1.706986] rtc_cmos rtc_cmos: setting system clock to 2019-11-18 21:15:11 UTC (1574111711)
[    1.710105] BIOS EDD facility v0.16 2004-Jun-25, 0 devices found
[    1.712655] EDD information not available.
[    1.768366] Freeing unused kernel memory: 1488K
[    1.771010] Write protecting the kernel read-only data: 14336k
[    1.774789] Freeing unused kernel memory: 1604K
[    1.777521] Freeing unused kernel memory: 60K
Loading, please wait...
starting version 229
[    1.807858] random: systemd-udevd: uninitialized urandom read (16 bytes read, 5 bits of entropy available)
[    1.814738] random: udevadm: uninitialized urandom read (16 bytes read, 5 bits of entropy available)
[    1.820550] random: systemd-udevd: uninitialized urandom read (16 bytes read, 5 bits of entropy available)
[    1.826232] random: udevadm: uninitialized urandom read (16 bytes read, 5 bits of entropy available)
[    1.831412] random: systemd-udevd: uninitialized urandom read (16 bytes read, 5 bits of entropy available)
[    1.842688] random: systemd-udevd: uninitialized urandom read (16 bytes read, 5 bits of entropy available)
[    1.860891] random: systemd-udevd: uninitialized urandom read (16 bytes read, 5 bits of entropy available)
[    1.869543] random: systemd-udevd: uninitialized urandom read (16 bytes read, 5 bits of entropy available)
[    1.877684] random: udevadm: uninitialized urandom read (16 bytes read, 5 bits of entropy available)
[    1.882351] random: systemd-udevd: uninitialized urandom read (16 bytes read, 5 bits of entropy available)
[    2.018909] Fusion MPT base driver 3.04.20
[    2.020476] Copyright (c) 1999-2008 LSI Corporation
[    2.024620] e1000: Intel(R) PRO/1000 Network Driver - version 7.3.21-k8-NAPI
[    2.027053] e1000: Copyright (c) 1999-2006 Intel Corporation.
[    2.063760] Fusion MPT SPI Host driver 3.04.20
[    2.137013] AVX2 version of gcm_enc/dec engaged.
[    2.138777] AES CTR mode by8 optimization enabled
[    2.252981] input: ImExPS/2 Generic Explorer Mouse as /devices/platform/i8042/serio1/input/input4
[    2.575683] e1000 0000:00:03.0 eth0: (PCI:33MHz:32-bit) 02:95:cf:22:ea:76
[    2.578721] e1000 0000:00:03.0 eth0: Intel(R) PRO/1000 Network Connection
[    2.584837] e1000 0000:00:03.0 enp0s3: renamed from eth0
[    2.588763] mptbase: ioc0: Initiating bringup
[    2.650333] ioc0: LSI53C1030 A0: Capabilities={Initiator}
[    2.812815] scsi host2: ioc0: LSI53C1030 A0, FwRev=00000000h, Ports=1, MaxQ=256, IRQ=20
[    2.926819] scsi 2:0:0:0: Direct-Access     VBOX     HARDDISK         1.0  PQ: 0 ANSI: 5
[    2.930787] scsi target2:0:0: Beginning Domain Validation
[    2.935372] scsi target2:0:0: Domain Validation skipping write tests
[    2.938191] scsi target2:0:0: Ending Domain Validation
[    2.940808] scsi target2:0:0: asynchronous
[    2.943180] scsi 2:0:1:0: Direct-Access     VBOX     HARDDISK         1.0  PQ: 0 ANSI: 5
[    2.946663] scsi target2:0:1: Beginning Domain Validation
[    2.951226] scsi target2:0:1: Domain Validation skipping write tests
[    2.954679] scsi target2:0:1: Ending Domain Validation
[    2.957191] scsi target2:0:1: asynchronous
[    2.967130] sd 2:0:0:0: Attached scsi generic sg0 type 0
[    2.994955] sd 2:0:0:0: [sda] 20971520 512-byte logical blocks: (10.7 GB/10.0 GiB)
[    2.999507] sd 2:0:0:0: [sda] Write Protect is off
[    3.002278] sd 2:0:0:0: [sda] Incomplete mode parameter data
[    3.005379] sd 2:0:0:0: [sda] Assuming drive cache: write through
[    3.010304] sd 2:0:1:0: [sdb] 20480 512-byte logical blocks: (10.5 MB/10.0 MiB)
[    3.014540] sd 2:0:1:0: Attached scsi generic sg1 type 0
[    3.018305] sd 2:0:1:0: [sdb] Write Protect is off
[    3.020756] sd 2:0:1:0: [sdb] Incomplete mode parameter data
[    3.023717] sd 2:0:1:0: [sdb] Assuming drive cache: write through
[    3.029459]  sda: sda1
[    3.033285] sd 2:0:0:0: [sda] Attached SCSI disk
[    3.036536] sd 2:0:1:0: [sdb] Attached SCSI disk
Begin: Loading essential drivers ... [    4.786262] md: linear personality registered for level -1
[    4.794260] md: multipath personality registered for level -4
[    4.801731] md: raid0 personality registered for level 0
[    4.811978] md: raid1 personality registered for level 1
[    4.886285] raid6: sse2x1   gen()  5168 MB/s
[    4.954456] raid6: sse2x1   xor()  4223 MB/s
[    5.022765] raid6: sse2x2   gen()  6258 MB/s
[    5.090104] raid6: sse2x2   xor()  4708 MB/s
[    5.158424] raid6: sse2x4   gen()  7540 MB/s
[    5.226357] raid6: sse2x4   xor()  5339 MB/s
[    5.294270] raid6: avx2x1   gen()  9341 MB/s
[    5.363212] raid6: avx2x2   gen()  7016 MB/s
[    5.430461] raid6: avx2x4   gen()  9354 MB/s
[    5.433308] raid6: using algorithm avx2x4 gen() 9354 MB/s
[    5.436327] raid6: using avx2x2 recovery algorithm
[    5.443261] xor: automatically using best checksumming function:
[    5.486379]    avx       : 10981.000 MB/sec
[    5.491879] async_tx: api initialized (async)
[    5.518505] md: raid6 personality registered for level 6
[    5.520385] md: raid5 personality registered for level 5
[    5.522524] md: raid4 personality registered for level 4
[    5.534826] md: raid10 personality registered for level 10
done.
Begin: Running /scripts/init-premount ... done.
Begin: Mounting root file system ... Begin: Running /scripts/local-top ... done.
Begin: Running /scripts/local-premount ... [    5.596436] Btrfs loaded
Scanning for Btrfs filesystems
done.
Warning: fsck not present, so skipping root file system
[    5.638753] EXT4-fs (sda1): INFO: recovery required on readonly filesystem
[    5.641072] EXT4-fs (sda1): write access will be enabled during recovery
[    5.924582] EXT4-fs (sda1): orphan cleanup on readonly fs
[    5.982084] EXT4-fs (sda1): 1 orphan inode deleted
[    5.986179] EXT4-fs (sda1): recovery complete
[    5.992097] EXT4-fs (sda1): mounted filesystem with ordered data mode. Opts: (null)
done.
Begin: Running /scripts/local-bottom ... done.
Begin: Running /scripts/init-bottom ... done.
[    6.144449] systemd[1]: systemd 229 running in system mode. (+PAM +AUDIT +SELINUX +IMA +APPARMOR +SMACK +SYSVINIT +UTMP +LIBCRYPTSETUP +GCRYPT +GNUTLS +ACL +XZ -LZ4 +SECCOMP +BLKID +ELFUTILS +KMOD -IDN)
[    6.150646] systemd[1]: Detected virtualization oracle.
[    6.152615] systemd[1]: Detected architecture x86-64.

Welcome to [1mUbuntu 16.04.6 LTS[0m!

[    6.159328] systemd[1]: Set hostname to <ubuntu-xenial>.
[    6.378396] random: nonblocking pool is initialized
[    6.413285] systemd[1]: Listening on Journal Socket.
[[0;32m  OK  [0m] Listening on Journal Socket.
[    6.416548] systemd[1]: Started Trigger resolvconf update for networkd DNS.
[[0;32m  OK  [0m] Started Trigger resolvconf update for networkd DNS.
[    6.422948] systemd[1]: Created slice System Slice.
[[0;32m  OK  [0m] Created slice System Slice.
[    6.426706] systemd[1]: Starting Nameserver information manager...
         Starting Nameserver information manager...
[    6.434949] systemd[1]: Listening on LVM2 metadata daemon socket.
[[0;32m  OK  [0m] Listening on LVM2 metadata daemon socket.
[    6.439899] systemd[1]: Set up automount Arbitrary Executable File Formats File System Automount Point.
[[0;32m  OK  [0m] Set up automount Arbitrary Executab...ats File System Automount Point.
[    6.450289] systemd[1]: Reached target User and Group Name Lookups.
[[0;32m  OK  [0m] Reached target User and Group Name Lookups.
[    6.455048] systemd[1]: Mounting POSIX Message Queue File System...
         Mounting POSIX Message Queue File System...
[    6.466531] systemd[1]: Starting Remount Root and Kernel File Systems...
         Starting Remount Root and Kernel File Systems...
[    6.474992] systemd[1]: Created slice system-serial\x2dgetty.slice.
[[0;32m  OK  [0m] Created slice system-serial\x2dgetty.slice.
[    6.486987] EXT4-fs (sda1): re-mounted. Opts: (null)
[    6.490757] systemd[1]: Started Forward Password Requests to Wall Directory Watch.
[[0;32m  OK  [0m] Started Forward Password Requests to Wall Directory Watch.
[    6.503714] systemd[1]: Reached target System Time Synchronized.
[[0;32m  OK  [0m] Reached target System Time Synchronized.
[    6.510787] systemd[1]: Listening on Journal Socket (/dev/log).
[[0;32m  OK  [0m] Listening on Journal Socket (/dev/log).
[    6.519788] systemd[1]: Mounting Debug File System...
         Mounting Debug File System...
[    6.529466] systemd[1]: Listening on LVM2 poll daemon socket.
[[0;32m  OK  [0m] Listening on LVM2 poll daemon socket.
[    6.538339] systemd[1]: Starting Uncomplicated firewall...
         Starting Uncomplicated firewall...
[    6.542934] systemd[1]: Reached target Encrypted Volumes.
[[0;32m  OK  [0m] Reached target Encrypted Volumes.
[    6.553091] systemd[1]: Listening on /dev/initctl Compatibility Named Pipe.
[[0;32m  OK  [0m] Listening on /dev/initctl Compatibility Named Pipe.
[    6.559503] systemd[1]: Listening on Syslog Socket.
[[0;32m  OK  [0m] Listening on Syslog Socket.
[    6.569147] systemd[1]: Starting Load Kernel Modules...
         Starting Load Kernel Modules...
[    6.574780] systemd[1]: Reached target Swap.
[[0;32m  OK  [0m] Reached target Swap.
[    6.592590] systemd[1]: Starting Create list of required static device nodes for the current kernel...
[    6.596509] Loading iSCSI transport class v2.0-870.
         Starting Create list of required st... nodes for the current kernel...
[    6.610559] systemd[1]: Listening on udev Control Socket.
[[0;32m  OK  [0m] Listening on udev Control Socket.
[    6.622319] systemd[1]: Listening on Device-mapper event daemon FIFOs.
[[0;32m  OK  [0m] Listening on Device-mapper event daemon FIFOs.
[    6.629728] iscsi: registered transport (tcp)
[    6.632487] systemd[1]: Starting Monitoring of LVM2 mirrors, snapshots etc. using dmeventd or progress polling...
         Starting Monitoring of LVM2 mirrors... dmeventd or progress polling...
[    6.650593] systemd[1]: Listening on Journal Audit Socket.
[[0;32m  OK  [0m] Listening on Journal Audit Socket.
[    6.659098] systemd[1]: Starting Journal Service...
         Starting Journal Service...
[    6.671604] systemd[1]: Created slice User and Session Slice.
[[0;32m  OK  [0m] Created slice User and Session Slice.
[    6.681833] systemd[1]: Listening on udev Kernel Socket.
[[0;32m  OK  [0m] Listening on udev Kernel Socket.
[    6.688113] systemd[1]: Reached target Slices.
[[0;32m  OK  [0m] Reached target Slices.
[    6.708695] systemd[1]: Starting Set console keymap...
         Starting Set console keymap...
[    6.722715] systemd[1]: Mounting Huge Pages File System...
         Mounting Huge Pages File System...
[    6.739059] systemd[1]: Mounted POSIX Message Queue File System.
[[0;32m  OK  [0m] Mounted POSIX Message Queue File System.
[    6.757348] systemd[1]: Mounted Huge Pages File System.
[[0;32m  OK  [0m] Mounted Huge Pages File System.
[    6.766821] systemd[1]: Mounted Debug File System.
[[0;32m  OK  [0m] Mounted Debug File System.
[    6.770418] iscsi: registered transport (iser)
[    6.776045] systemd[1]: Started Remount Root and Kernel File Systems.
[[0;32m  OK  [0m] Started Remount Root and Kernel File Systems.
[    6.793528] systemd[1]: Started Uncomplicated firewall.
[[0;32m  OK  [0m] Started Uncomplicated firewall.
[    6.803173] systemd[1]: Started Load Kernel Modules.
[[0;32m  OK  [0m] Started Load Kernel Modules.
[    6.813922] systemd[1]: Started Create list of required static device nodes for the current kernel.
[[0;32m  OK  [0m] Started Create list of required sta...ce nodes for the current kernel.
[    6.826845] systemd[1]: Started Nameserver information manager.
[[0;32m  OK  [0m] Started Nameserver information manager.
[    6.861098] systemd[1]: Started Journal Service.
[[0;32m  OK  [0m] Started Journal Service.
[[0;32m  OK  [0m] Started LVM2 metadata daemon.
         Starting Create Static Device Nodes in /dev...
         Starting Apply Kernel Variables...
         Mounting FUSE Control File System...
         Starting udev Coldplug all Devices...
         Starting Load/Save Random Seed...
         Starting Flush Journal to Persistent Storage...
[[0;32m  OK  [0m] Mounted FUSE Control File System.
[[0;32m  OK  [0m] Started Load/Save Random Seed.
[[0;32m  OK  [0m] Started Apply Kernel Variables.
[[0;32m  OK  [0m] Started Create Static Device Nodes in /dev.
[[0;32m  OK  [0m] Started Set console keymap.
[[0;32m  OK  [0m] Started Flush Journal to Persistent Storage.
         Starting udev Kernel Device Manager...
[[0;32m  OK  [0m] Started Monitoring of LVM2 mirrors,...ng dmeventd or progress polling.
[[0;32m  OK  [0m] Reached target Local File Systems (Pre).
[[0;32m  OK  [0m] Reached target Local File Systems.
         Starting Tell Plymouth To Write Out Runtime Data...
         Starting Create Volatile Files and Directories...
         Starting Enable support for additional executable binary formats...
         Starting Set console font and keymap...
         Starting Initial cloud-init job (pre-networking)...
         Starting LSB: AppArmor initialization...
[[0;32m  OK  [0m] Started Tell Plymouth To Write Out Runtime Data.
         Mounting Arbitrary Executable File Formats File System...
[[0;32m  OK  [0m] Started Create Volatile Files and Directories.
[[0;32m  OK  [0m] Mounted Arbitrary Executable File Formats File System.
         Starting Update UTMP about System Boot/Shutdown...
[[0;32m  OK  [0m] Started Enable support for additional executable binary formats.
[[0;32m  OK  [0m] Started udev Coldplug all Devices.
[[0;32m  OK  [0m] Started Update UTMP about System Boot/Shutdown.
[[0;32m  OK  [0m] Started udev Kernel Device Manager.
[[0;32m  OK  [0m] Started Dispatch Password Requests to Console Directory Watch.
[[0;32m  OK  [0m] Started LSB: AppArmor initialization.
[[0;32m  OK  [0m] Found device /dev/ttyS0.
[[0;32m  OK  [0m] Listening on Load/Save RF Kill Switch Status /dev/rfkill Watch.
[[0;32m  OK  [0m] Found device 82540EM Gigabit Ethern...r (PRO/1000 MT Desktop Adapter).
[[0;32m  OK  [0m] Started Set console font and keymap.
[[0;32m  OK  [0m] Created slice system-getty.slice.
[   11.012083] cloud-init[484]: Cloud-init v. 19.2-36-g059d049c-0ubuntu2~16.04.1 running 'init-local' at Mon, 18 Nov 2019 21:15:20 +0000. Up 10.18 seconds.
[[0;32m  OK  [0m] Started Initial cloud-init job (pre-networking).
[[0;32m  OK  [0m] Reached target Network (Pre).
         Starting Raise network interfaces...
[[0;32m  OK  [0m] Started ifup for enp0s3.
[[0;32m  OK  [0m] Started Raise network interfaces.
[[0;32m  OK  [0m] Reached target Network.
         Starting Initial cloud-init job (metadata service crawler)...
[   12.748096] cloud-init[980]: Cloud-init v. 19.2-36-g059d049c-0ubuntu2~16.04.1 running 'init' at Mon, 18 Nov 2019 21:15:22 +0000. Up 12.07 seconds.
[   12.757253] cloud-init[980]: ci-info: ++++++++++++++++++++++++++++++++++++++Net device info++++++++++++++++++++++++++++++++++++++
[   12.769500] cloud-init[980]: ci-info: +--------+------+----------------------------+---------------+--------+-------------------+
[   12.781551] cloud-init[980]: ci-info: | Device |  Up  |          Address           |      Mask     | Scope  |     Hw-Address    |
[   12.797158] cloud-init[980]: ci-info: +--------+------+----------------------------+---------------+--------+-------------------+
[   12.808787] cloud-init[980]: ci-info: | enp0s3 | True |         10.0.2.15          | 255.255.255.0 | global | 02:95:cf:22:ea:76 |
[   12.812591] cloud-init[980]: ci-info: | enp0s3 | True | fe80::95:cfff:fe22:ea76/64 |       .       |  link  | 02:95:cf:22:ea:76 |
[   12.824927] cloud-init[980]: ci-info: |   lo   | True |         127.0.0.1          |   255.0.0.0   |  host  |         .         |
[   12.833246] cloud-init[980]: ci-info: |   lo   | True |          ::1/128           |       .       |  host  |         .         |
[   12.844893] cloud-init[980]: ci-info: +--------+------+----------------------------+---------------+--------+-------------------+
[   12.856797] cloud-init[980]: ci-info: +++++++++++++++++++++++++++Route IPv4 info++++++++++++++++++++++++++++
[   12.864830] cloud-init[980]: ci-info: +-------+-------------+----------+---------------+-----------+-------+
[   12.877381] cloud-init[980]: ci-info: | Route | Destination | Gateway  |    Genmask    | Interface | Flags |
[   12.885213] cloud-init[980]: ci-info: +-------+-------------+----------+---------------+-----------+-------+
[   12.893322] cloud-init[980]: ci-info: |   0   |   0.0.0.0   | 10.0.2.2 |    0.0.0.0    |   enp0s3  |   UG  |
[   12.900862] cloud-init[980]: ci-info: |   1   |   10.0.2.0  | 0.0.0.0  | 255.255.255.0 |   enp0s3  |   U   |
[   12.921020] cloud-init[980]: ci-info: +-------+-------------+----------+---------------+-----------+-------+
[   12.933150] cloud-init[980]: ci-info: +++++++++++++++++++Route IPv6 info+++++++++++++++++++
[   12.940893] cloud-init[980]: ci-info: +-------+-------------+---------+-----------+-------+[[0;32m  OK  [0m] Started Initial cloud-init job (metadata service crawler).
[[0;32m  OK  [0m
[   12.952593] cloud-init[980]: ci-info: | Route | Destination | Gateway | Interface | Flags |] Reached target Cloud-config availability.
[[0;32m  OK  [0m] 
[   12.960607] cloud-init[980]: ci-info: +-------+-------------+---------+-----------+-------+
[   12.963850] Reached target Network is Online.
         Starting iSCSI initiator daemon (iscsid)...cloud-init[980]: ci-info: |   0   |  fe80::/64  |    ::   |   enp0s3  |   U   |
[[0;32m  OK  [0m
[   12.977777] cloud-init[980]: ] Reached target System Initialization.
ci-info: |   3   |   ff00::/8  |    ::   |   enp0s3  |   U   |[[0;32m  OK  [0m] Started ACPI Events Check.
[[0;32m  OK  [0m] Reached target Paths.
         Starting LXD - unix socket.
         Starting Socket activation for snappy daemon.

[   13.004814] cloud-init[980]: ci-info: +-------+-------------+---------+-----------+-------+
[[0;32m  OK  [0m] Started Daily apt download activities.
[[0;32m  OK  [0m] Started Daily apt upgrade and clean activities.
[[0;32m  OK  [0m] Listening on ACPID Listen Socket.
[[0;32m  OK  [0m] Started Message of the Day.
[[0;32m  OK  [0m] Listening on D-Bus System Message Bus Socket.
[[0;32m  OK  [0m] Started Daily Cleanup of Temporary Directories.
[[0;32m  OK  [0m] Reached target Timers.
[[0;32m  OK  [0m] Listening on UUID daemon activation socket.
[[0;32m  OK  [0m] Listening on LXD - unix socket.
[[0;32m  OK  [0m] Listening on Socket activation for snappy daemon.
[[0;32m  OK  [0m] Started iSCSI initiator daemon (iscsid).
         Starting Login to default iSCSI targets...
[[0;32m  OK  [0m] Reached target Sockets.
[[0;32m  OK  [0m] Reached target Basic System.
[[0;32m  OK  [0m] Started Deferred execution scheduler.
         Starting /etc/rc.local Compatibility...
         Starting Accounts Service...
[[0;32m  OK  [0m] Started FUSE filesystem for LXC.
         Starting System Logging Service...
         Starting LSB: MD monitoring daemon...
         Starting Message of the Day...
[[0;32m  OK  [0m] Started D-Bus System Message Bus.
         Starting OpenBSD Secure Shell server...
         Starting Login Service...
[[0;32m  OK  [0m] Started Regular background program processing daemon.
         Starting LSB: Record successful boot for GRUB...
[[0;32m  OK  [0m] Started ACPI event daemon.
         Starting Snappy daemon...
         Starting Virtualbox guest utils...
         Starting LXD - container startup/shutdown...
[[0;32m  OK  [0m] Started System Logging Service.
[[0;32m  OK  [0m] Started /etc/rc.local Compatibility.
[[0;32m  OK  [0m] Started Login to default iSCSI targets.
[[0;32m  OK  [0m] Started OpenBSD Secure Shell server.
[[0;32m  OK  [0m] Started LSB: MD monitoring daemon.
[[0;32m  OK  [0m] Started Login Service.
[[0;32m  OK  [0m] Started Unattended Upgrades Shutdown.
         Starting Authenticate and Authorize Users to Run Privileged Tasks...
[[0;32m  OK  [0m] Reached target Remote File Systems (Pre).
[[0;32m  OK  [0m] Reached target Remote File Systems.
         Starting LSB: automatic crash report generation...
         Starting LSB: daemon to balance interrupts for SMP systems...
         Starting LSB: Set the CPU Frequency Scaling governor to "ondemand"...
         Starting Permit User Sessions...
[[0;32m  OK  [0m] Started Permit User Sessions.
         Starting Hold until boot process finishes up...
         Starting Terminate Plymouth Boot Screen...
[[0;32m  OK  [0m] Started Hold until boot process finishes up.
[[0;32m  OK  [0m] Started Terminate Plymouth Boot Screen.
[[0;32m  OK  [0m] Started LXD - container startup/shutdown.
[[0;32m  OK  [0m] Started LSB: Set the CPU Frequency Scaling governor to "ondemand".
[[0;32m  OK  [0m] Started Authenticate and Authorize Users to Run Privileged Tasks.
         Starting Set console scheme...
[[0;32m  OK  [0m] Started Getty on tty1.
[[0;32m  OK  [0m] Started Serial Getty on ttyS0.
[[0;32m  OK  [0m] Reached target Login Prompts.
[[0;32m  OK  [0m] Started Set console scheme.
[[0;32m  OK  [0m] Started LSB: Record successful boot for GRUB.
[[0;32m  OK  [0m] Started Accounts Service.
[[0;32m  OK  [0m] Started LSB: daemon to balance interrupts for SMP systems.
[[0;32m  OK  [0m] Started LSB: automatic crash report generation.
[[0;32m  OK  [0m] Created slice User Slice of vagrant.
         Starting User Manager for UID 1000...
[[0;32m  OK  [0m] Started Session 1 of user vagrant.
[[0;32m  OK  [0m] Started User Manager for UID 1000.
[[0;32m  OK  [0m] Started Virtualbox guest utils.
[[0;32m  OK  [0m] Started Snappy daemon.
         Starting Wait until snapd is fully seeded...
[[0;32m  OK  [0m] Started Wait until snapd is fully seeded.
         Starting Apply the settings specified in cloud-config...
[[0;32m  OK  [0m] Reached target Multi-User System.
[[0;32m  OK  [0m] Reached target Graphical Interface.
         Starting Update UTMP about System Runlevel Changes...
[[0;32m  OK  [0m] Started Update UTMP about System Runlevel Changes.
[   19.757327] cloud-init[1342]: Cloud-init v. 19.2-36-g059d049c-0ubuntu2~16.04.1 running 'modules:config' at Mon, 18 Nov 2019 21:15:29 +0000. Up 19.31 seconds.

Ubuntu 16.04.6 LTS ubuntu-xenial ttyS0

ubuntu-xenial login: [   21.448873] cloud-init[1450]: Cloud-init v. 19.2-36-g059d049c-0ubuntu2~16.04.1 running 'modules:final' at Mon, 18 Nov 2019 21:15:31 +0000. Up 21.06 seconds.
[   21.456926] cloud-init[1450]: Cloud-init v. 19.2-36-g059d049c-0ubuntu2~16.04.1 finished at Mon, 18 Nov 2019 21:15:31 +0000. Datasource DataSourceNoCloud [seed=/dev/sdb][dsmode=net].  Up 21.43 seconds
